[0.013s] Invoking command in '/home/cho/mobinn_ws/build/sandbox_node': CMAKE_PREFIX_PATH=/opt/ros/humble /usr/bin/cmake /home/cho/mobinn_ws/sandbox_node -DCMAKE_INSTALL_PREFIX=/home/cho/mobinn_ws/install/sandbox_node
[0.077s] -- The C compiler identification is GNU 11.4.0
[0.131s] -- The CXX compiler identification is GNU 11.4.0
[0.137s] -- Detecting C compiler ABI info
[0.205s] -- Detecting C compiler ABI info - done
[0.211s] -- Check for working C compiler: /usr/bin/cc - skipped
[0.211s] -- Detecting C compile features
[0.212s] -- Detecting C compile features - done
[0.218s] -- Detecting CXX compiler ABI info
[0.294s] -- Detecting CXX compiler ABI info - done
[0.298s] -- Check for working CXX compiler: /usr/bin/c++ - skipped
[0.298s] -- Detecting CXX compile features
[0.298s] -- Detecting CXX compile features - done
[0.299s] -- Found ament_cmake: 1.3.12 (/opt/ros/humble/share/ament_cmake/cmake)
[0.432s] -- Found Python3: /usr/bin/python3 (found version "3.10.12") found components: Interpreter 
[0.500s] -- Found rclcpp: 16.0.14 (/opt/ros/humble/share/rclcpp/cmake)
[0.527s] -- Found rosidl_generator_c: 3.1.7 (/opt/ros/humble/share/rosidl_generator_c/cmake)
[0.529s] -- Found rosidl_adapter: 3.1.7 (/opt/ros/humble/share/rosidl_adapter/cmake)
[0.534s] -- Found rosidl_generator_cpp: 3.1.7 (/opt/ros/humble/share/rosidl_generator_cpp/cmake)
[0.544s] -- Using all available rosidl_typesupport_c: rosidl_typesupport_fastrtps_c;rosidl_typesupport_introspection_c
[0.552s] -- Using all available rosidl_typesupport_cpp: rosidl_typesupport_fastrtps_cpp;rosidl_typesupport_introspection_cpp
[0.580s] -- Found rmw_implementation_cmake: 6.1.2 (/opt/ros/humble/share/rmw_implementation_cmake/cmake)
[0.582s] -- Found rmw_fastrtps_cpp: 6.2.8 (/opt/ros/humble/share/rmw_fastrtps_cpp/cmake)
[0.662s] -- Found OpenSSL: /usr/lib/x86_64-linux-gnu/libcrypto.so (found version "3.0.2")  
[0.683s] -- Found FastRTPS: /opt/ros/humble/include  
[0.707s] -- Using RMW implementation 'rmw_fastrtps_cpp' as default
[0.712s] -- Looking for pthread.h
[0.782s] -- Looking for pthread.h - found
[0.782s] -- Performing Test CMAKE_HAVE_LIBC_PTHREAD
[0.850s] -- Performing Test CMAKE_HAVE_LIBC_PTHREAD - Success
[0.851s] -- Found Threads: TRUE  
[0.934s] -- Configuring done
[0.940s] -- Generating done
[0.942s] -- Build files have been written to: /home/cho/mobinn_ws/build/sandbox_node
[0.948s] Invoked command in '/home/cho/mobinn_ws/build/sandbox_node' returned '0': CMAKE_PREFIX_PATH=/opt/ros/humble /usr/bin/cmake /home/cho/mobinn_ws/sandbox_node -DCMAKE_INSTALL_PREFIX=/home/cho/mobinn_ws/install/sandbox_node
[0.949s] Invoking command in '/home/cho/mobinn_ws/build/sandbox_node': CMAKE_PREFIX_PATH=/opt/ros/humble /usr/bin/cmake --build /home/cho/mobinn_ws/build/sandbox_node -- -j28 -l28
[0.992s] [ 25%] [32mBuilding CXX object CMakeFiles/sub.dir/src/sub.cpp.o[0m
[0.993s] [ 50%] [32mBuilding CXX object CMakeFiles/pub.dir/src/pub.cpp.o[0m
[3.759s] [ 75%] [32m[1mLinking CXX executable pub[0m
[3.910s] [ 75%] Built target pub
[6.310s] [100%] [32m[1mLinking CXX executable sub[0m
[6.579s] [100%] Built target sub
[6.590s] Invoked command in '/home/cho/mobinn_ws/build/sandbox_node' returned '0': CMAKE_PREFIX_PATH=/opt/ros/humble /usr/bin/cmake --build /home/cho/mobinn_ws/build/sandbox_node -- -j28 -l28
[6.596s] Invoking command in '/home/cho/mobinn_ws/build/sandbox_node': CMAKE_PREFIX_PATH=/opt/ros/humble /usr/bin/cmake --install /home/cho/mobinn_ws/build/sandbox_node
[6.608s] -- Install configuration: ""
[6.608s] -- Installing: /home/cho/mobinn_ws/install/sandbox_node/lib/sandbox_node/pub
[6.609s] -- Set runtime path of "/home/cho/mobinn_ws/install/sandbox_node/lib/sandbox_node/pub" to ""
[6.609s] -- Installing: /home/cho/mobinn_ws/install/sandbox_node/lib/sandbox_node/sub
[6.611s] -- Set runtime path of "/home/cho/mobinn_ws/install/sandbox_node/lib/sandbox_node/sub" to ""
[6.611s] -- Installing: /home/cho/mobinn_ws/install/sandbox_node/share/ament_index/resource_index/package_run_dependencies/sandbox_node
[6.611s] -- Installing: /home/cho/mobinn_ws/install/sandbox_node/share/ament_index/resource_index/parent_prefix_path/sandbox_node
[6.611s] -- Installing: /home/cho/mobinn_ws/install/sandbox_node/share/sandbox_node/environment/ament_prefix_path.sh
[6.611s] -- Installing: /home/cho/mobinn_ws/install/sandbox_node/share/sandbox_node/environment/ament_prefix_path.dsv
[6.611s] -- Installing: /home/cho/mobinn_ws/install/sandbox_node/share/sandbox_node/environment/path.sh
[6.611s] -- Installing: /home/cho/mobinn_ws/install/sandbox_node/share/sandbox_node/environment/path.dsv
[6.611s] -- Installing: /home/cho/mobinn_ws/install/sandbox_node/share/sandbox_node/local_setup.bash
[6.611s] -- Installing: /home/cho/mobinn_ws/install/sandbox_node/share/sandbox_node/local_setup.sh
[6.612s] -- Installing: /home/cho/mobinn_ws/install/sandbox_node/share/sandbox_node/local_setup.zsh
[6.612s] -- Installing: /home/cho/mobinn_ws/install/sandbox_node/share/sandbox_node/local_setup.dsv
[6.612s] -- Installing: /home/cho/mobinn_ws/install/sandbox_node/share/sandbox_node/package.dsv
[6.612s] -- Installing: /home/cho/mobinn_ws/install/sandbox_node/share/ament_index/resource_index/packages/sandbox_node
[6.612s] -- Installing: /home/cho/mobinn_ws/install/sandbox_node/share/sandbox_node/cmake/sandbox_nodeConfig.cmake
[6.612s] -- Installing: /home/cho/mobinn_ws/install/sandbox_node/share/sandbox_node/cmake/sandbox_nodeConfig-version.cmake
[6.612s] -- Installing: /home/cho/mobinn_ws/install/sandbox_node/share/sandbox_node/package.xml
[6.614s] Invoked command in '/home/cho/mobinn_ws/build/sandbox_node' returned '0': CMAKE_PREFIX_PATH=/opt/ros/humble /usr/bin/cmake --install /home/cho/mobinn_ws/build/sandbox_node
